node_modules/@react-navigation/core/lib/typescript/src/StaticNavigation.d.ts(35,27): error TS2315: Type 'StaticParamList' is not generic.
node_modules/@react-navigation/core/lib/typescript/src/StaticNavigation.d.ts(35,137): error TS2315: Type 'StaticParamList' is not generic.
node_modules/@react-navigation/core/lib/typescript/src/StaticNavigation.d.ts(130,13): error TS2456: Type alias 'StaticParamList' circularly references itself.
node_modules/@react-navigation/core/lib/typescript/src/useNavigationBuilder.d.ts(86,136): error TS2344: Type 'Omit<{ dispatch(action: Readonly<{ type: string; payload?: object; source?: string; target?: string; }> | ((state: Readonly<State>) => Readonly<{ type: string; payload?: object; source?: string; target?: string; }>)): void; ... 9 more ...; getState(): State; } & PrivateValueStore<...>, "getParent"> & ... 4 more ... ...' does not satisfy the constraint 'NavigationProp<any, any, any, any, any, any>'.
  Type 'Omit<{ dispatch(action: Readonly<{ type: string; payload?: object; source?: string; target?: string; }> | ((state: Readonly<State>) => Readonly<{ type: string; payload?: object; source?: string; target?: string; }>)): void; ... 9 more ...; getState(): State; } & PrivateValueStore<...>, "getParent"> & ... 4 more ... ...' is not assignable to type 'Omit<NavigationHelpersCommon<any, any>, "getParent">'.
    Types of property 'preload' are incompatible.
      Type '<RouteName extends string>(...args: RouteName extends unknown ? [screen: RouteName, params?: object] : never) => void' is not assignable to type '<RouteName extends string | number | symbol>(...args: RouteName extends unknown ? [screen: RouteName, params?: any] : never) => void'.
        Types of parameters 'screen' and 'args' are incompatible.
          Type 'RouteName extends unknown ? [screen: RouteName, params?: any] : never' is not assignable to type '[screen: string, params?: object]'.
            Type '[screen: string, params?: any] | [screen: number, params?: any] | [screen: symbol, params?: any]' is not assignable to type '[screen: string, params?: object]'.
              Type '[screen: number, params?: any]' is not assignable to type '[screen: string, params?: object]'.
                Type at position 0 in source is not compatible with type at position 0 in target.
                  Type 'number' is not assignable to type 'string'.
node_modules/@react-navigation/core/lib/typescript/src/useNavigationBuilder.d.ts(138,77): error TS2344: Type 'Omit<{ dispatch(action: Readonly<{ type: string; payload?: object; source?: string; target?: string; }> | ((state: Readonly<State>) => Readonly<{ type: string; payload?: object; source?: string; target?: string; }>)): void; ... 9 more ...; getState(): State; } & PrivateValueStore<...>, "getParent"> & ... 4 more ... ...' does not satisfy the constraint 'NavigationProp<any, any, any, any, any, any>'.
  Type 'Omit<{ dispatch(action: Readonly<{ type: string; payload?: object; source?: string; target?: string; }> | ((state: Readonly<State>) => Readonly<{ type: string; payload?: object; source?: string; target?: string; }>)): void; ... 9 more ...; getState(): State; } & PrivateValueStore<...>, "getParent"> & ... 4 more ... ...' is not assignable to type 'Omit<NavigationHelpersCommon<any, any>, "getParent">'.
    Types of property 'preload' are incompatible.
      Type '<RouteName extends string>(...args: RouteName extends unknown ? [screen: RouteName, params?: object] : never) => void' is not assignable to type '<RouteName extends string | number | symbol>(...args: RouteName extends unknown ? [screen: RouteName, params?: any] : never) => void'.
        Types of parameters 'screen' and 'args' are incompatible.
          Type 'RouteName extends unknown ? [screen: RouteName, params?: any] : never' is not assignable to type '[screen: string, params?: object]'.
            Type '[screen: string, params?: any] | [screen: number, params?: any] | [screen: symbol, params?: any]' is not assignable to type '[screen: string, params?: object]'.
              Type '[screen: number, params?: any]' is not assignable to type '[screen: string, params?: object]'.
                Type at position 0 in source is not compatible with type at position 0 in target.
                  Type 'number' is not assignable to type 'string'.
node_modules/@tanstack/query-core/build/legacy/focusManager.d.ts(6,5): error TS18028: Private identifiers are only available when targeting ECMAScript 2015 and higher.
node_modules/@tanstack/query-core/build/legacy/hydration-DksKBgQq.d.ts(9,5): error TS18028: Private identifiers are only available when targeting ECMAScript 2015 and higher.
node_modules/@tanstack/query-core/build/legacy/hydration-DksKBgQq.d.ts(115,5): error TS18028: Private identifiers are only available when targeting ECMAScript 2015 and higher.
node_modules/@tanstack/query-core/build/legacy/hydration-DksKBgQq.d.ts(156,5): error TS18028: Private identifiers are only available when targeting ECMAScript 2015 and higher.
node_modules/@tanstack/query-core/build/legacy/hydration-DksKBgQq.d.ts(205,5): error TS18028: Private identifiers are only available when targeting ECMAScript 2015 and higher.
node_modules/@tanstack/query-core/build/legacy/hydration-DksKBgQq.d.ts(266,5): error TS18028: Private identifiers are only available when targeting ECMAScript 2015 and higher.
node_modules/@tanstack/query-core/build/legacy/hydration-DksKBgQq.d.ts(424,5): error TS18028: Private identifiers are only available when targeting ECMAScript 2015 and higher.
node_modules/@tanstack/query-core/build/legacy/hydration-DksKBgQq.d.ts(441,5): error TS18028: Private identifiers are only available when targeting ECMAScript 2015 and higher.
node_modules/@tanstack/query-core/build/legacy/onlineManager.d.ts(6,5): error TS18028: Private identifiers are only available when targeting ECMAScript 2015 and higher.
node_modules/@tanstack/query-core/build/legacy/queriesObserver.d.ts(11,5): error TS18028: Private identifiers are only available when targeting ECMAScript 2015 and higher.
node_modules/@tanstack/query-core/build/legacy/removable.d.ts(2,5): error TS18028: Private identifiers are only available when targeting ECMAScript 2015 and higher.
node_modules/@tanstack/query-core/build/legacy/timeoutManager.d.ts(41,5): error TS18028: Private identifiers are only available when targeting ECMAScript 2015 and higher.
node_modules/@types/node/module.d.ts(525,13): error TS2403: Subsequent variable declarations must have the same type.  Variable 'require' must be of type 'NodeRequire', but here has type 'Require'.
node_modules/@umituz/react-native-design-system/src/atoms/button/index.ts(5,30): error TS6142: Module './AtomicButton' was resolved to '/Users/umituz/Desktop/github/umituz/apps/artificial_intelligence/npm-packages/react-native-auth/node_modules/@umituz/react-native-design-system/src/atoms/button/AtomicButton.tsx', but '--jsx' is not set.
node_modules/@umituz/react-native-design-system/src/atoms/button/types/index.ts(7,31): error TS6142: Module '../../AtomicIcon' was resolved to '/Users/umituz/Desktop/github/umituz/apps/artificial_intelligence/npm-packages/react-native-auth/node_modules/@umituz/react-native-design-system/src/atoms/AtomicIcon.tsx', but '--jsx' is not set.
node_modules/@umituz/react-native-design-system/src/atoms/card/index.ts(1,15): error TS6142: Module './AtomicCard' was resolved to '/Users/umituz/Desktop/github/umituz/apps/artificial_intelligence/npm-packages/react-native-auth/node_modules/@umituz/react-native-design-system/src/atoms/card/AtomicCard.tsx', but '--jsx' is not set.
node_modules/@umituz/react-native-design-system/src/atoms/GlassView/index.ts(1,15): error TS6142: Module './GlassView' was resolved to '/Users/umituz/Desktop/github/umituz/apps/artificial_intelligence/npm-packages/react-native-auth/node_modules/@umituz/react-native-design-system/src/atoms/GlassView/GlassView.tsx', but '--jsx' is not set.
node_modules/@umituz/react-native-design-system/src/atoms/index.ts(15,50): error TS6142: Module './AtomicText' was resolved to '/Users/umituz/Desktop/github/umituz/apps/artificial_intelligence/npm-packages/react-native-auth/node_modules/@umituz/react-native-design-system/src/atoms/AtomicText.tsx', but '--jsx' is not set.
node_modules/@umituz/react-native-design-system/src/atoms/index.ts(19,5): error TS2305: Module '"./card"' has no exported member 'AtomicCard'.
node_modules/@umituz/react-native-design-system/src/atoms/index.ts(28,8): error TS6142: Module './AtomicInput' was resolved to '/Users/umituz/Desktop/github/umituz/apps/artificial_intelligence/npm-packages/react-native-auth/node_modules/@umituz/react-native-design-system/src/atoms/AtomicInput.tsx', but '--jsx' is not set.
node_modules/@umituz/react-native-design-system/src/atoms/index.ts(43,8): error TS6142: Module './AtomicIcon' was resolved to '/Users/umituz/Desktop/github/umituz/apps/artificial_intelligence/npm-packages/react-native-auth/node_modules/@umituz/react-native-design-system/src/atoms/AtomicIcon.tsx', but '--jsx' is not set.
node_modules/@umituz/react-native-design-system/src/atoms/index.ts(47,54): error TS6142: Module './AtomicAvatar' was resolved to '/Users/umituz/Desktop/github/umituz/apps/artificial_intelligence/npm-packages/react-native-auth/node_modules/@umituz/react-native-design-system/src/atoms/AtomicAvatar.tsx', but '--jsx' is not set.
node_modules/@umituz/react-native-design-system/src/atoms/index.ts(50,50): error TS6142: Module './AtomicChip' was resolved to '/Users/umituz/Desktop/github/umituz/apps/artificial_intelligence/npm-packages/react-native-auth/node_modules/@umituz/react-native-design-system/src/atoms/AtomicChip.tsx', but '--jsx' is not set.
node_modules/@umituz/react-native-design-system/src/atoms/index.ts(53,58): error TS6142: Module './AtomicProgress' was resolved to '/Users/umituz/Desktop/github/umituz/apps/artificial_intelligence/npm-packages/react-native-auth/node_modules/@umituz/react-native-design-system/src/atoms/AtomicProgress.tsx', but '--jsx' is not set.
node_modules/@umituz/react-native-design-system/src/atoms/index.ts(62,8): error TS6142: Module './AtomicFab' was resolved to '/Users/umituz/Desktop/github/umituz/apps/artificial_intelligence/npm-packages/react-native-auth/node_modules/@umituz/react-native-design-system/src/atoms/AtomicFab.tsx', but '--jsx' is not set.
node_modules/@umituz/react-native-design-system/src/atoms/index.ts(70,8): error TS6142: Module './AtomicPicker' was resolved to '/Users/umituz/Desktop/github/umituz/apps/artificial_intelligence/npm-packages/react-native-auth/node_modules/@umituz/react-native-design-system/src/atoms/AtomicPicker.tsx', but '--jsx' is not set.
node_modules/@umituz/react-native-design-system/src/atoms/index.ts(73,62): error TS6142: Module './AtomicDatePicker' was resolved to '/Users/umituz/Desktop/github/umituz/apps/artificial_intelligence/npm-packages/react-native-auth/node_modules/@umituz/react-native-design-system/src/atoms/AtomicDatePicker.tsx', but '--jsx' is not set.
node_modules/@umituz/react-native-design-system/src/atoms/index.ts(90,8): error TS6142: Module './AtomicBadge' was resolved to '/Users/umituz/Desktop/github/umituz/apps/artificial_intelligence/npm-packages/react-native-auth/node_modules/@umituz/react-native-design-system/src/atoms/AtomicBadge.tsx', but '--jsx' is not set.
node_modules/@umituz/react-native-design-system/src/atoms/index.ts(99,8): error TS6142: Module './AtomicSpinner' was resolved to '/Users/umituz/Desktop/github/umituz/apps/artificial_intelligence/npm-packages/react-native-auth/node_modules/@umituz/react-native-design-system/src/atoms/AtomicSpinner.tsx', but '--jsx' is not set.
node_modules/@umituz/react-native-design-system/src/atoms/index.ts(102,50): error TS6142: Module './EmptyState' was resolved to '/Users/umituz/Desktop/github/umituz/apps/artificial_intelligence/npm-packages/react-native-auth/node_modules/@umituz/react-native-design-system/src/atoms/EmptyState.tsx', but '--jsx' is not set.
node_modules/@umituz/react-native-design-system/src/atoms/index.ts(105,58): error TS6142: Module './AtomicTextArea' was resolved to '/Users/umituz/Desktop/github/umituz/apps/artificial_intelligence/npm-packages/react-native-auth/node_modules/@umituz/react-native-design-system/src/atoms/AtomicTextArea.tsx', but '--jsx' is not set.
node_modules/@umituz/react-native-design-system/src/atoms/index.ts(108,54): error TS6142: Module './AtomicSwitch' was resolved to '/Users/umituz/Desktop/github/umituz/apps/artificial_intelligence/npm-packages/react-native-auth/node_modules/@umituz/react-native-design-system/src/atoms/AtomicSwitch.tsx', but '--jsx' is not set.
node_modules/@umituz/react-native-design-system/src/atoms/index.ts(111,60): error TS6142: Module './AtomicTouchable' was resolved to '/Users/umituz/Desktop/github/umituz/apps/artificial_intelligence/npm-packages/react-native-auth/node_modules/@umituz/react-native-design-system/src/atoms/AtomicTouchable.tsx', but '--jsx' is not set.
node_modules/@umituz/react-native-design-system/src/atoms/index.ts(117,82): error TS6142: Module './AtomicKeyboardAvoidingView' was resolved to '/Users/umituz/Desktop/github/umituz/apps/artificial_intelligence/npm-packages/react-native-auth/node_modules/@umituz/react-native-design-system/src/atoms/AtomicKeyboardAvoidingView.tsx', but '--jsx' is not set.
node_modules/@umituz/react-native-design-system/src/atoms/index.ts(120,10): error TS2305: Module '"./GlassView"' has no exported member 'GlassView'.
node_modules/@umituz/react-native-design-system/src/atoms/index.ts(120,26): error TS2305: Module '"./GlassView"' has no exported member 'GlassViewProps'.
node_modules/@umituz/react-native-design-system/src/atoms/index.ts(123,52): error TS6142: Module './image/AtomicImage' was resolved to '/Users/umituz/Desktop/github/umituz/apps/artificial_intelligence/npm-packages/react-native-auth/node_modules/@umituz/react-native-design-system/src/atoms/image/AtomicImage.tsx', but '--jsx' is not set.
node_modules/@umituz/react-native-design-system/src/atoms/input/types.ts(3,31): error TS6142: Module '../AtomicIcon' was resolved to '/Users/umituz/Desktop/github/umituz/apps/artificial_intelligence/npm-packages/react-native-auth/node_modules/@umituz/react-native-design-system/src/atoms/AtomicIcon.tsx', but '--jsx' is not set.
node_modules/@umituz/react-native-design-system/src/atoms/skeleton/index.ts(7,58): error TS6142: Module './AtomicSkeleton' was resolved to '/Users/umituz/Desktop/github/umituz/apps/artificial_intelligence/npm-packages/react-native-auth/node_modules/@umituz/react-native-design-system/src/atoms/skeleton/AtomicSkeleton.tsx', but '--jsx' is not set.
node_modules/@umituz/react-native-design-system/src/atoms/status-bar/index.ts(5,33): error TS6142: Module './AtomicStatusBar' was resolved to '/Users/umituz/Desktop/github/umituz/apps/artificial_intelligence/npm-packages/react-native-auth/node_modules/@umituz/react-native-design-system/src/atoms/status-bar/AtomicStatusBar.tsx', but '--jsx' is not set.
node_modules/@umituz/react-native-design-system/src/atoms/status-bar/index.ts(6,43): error TS6142: Module './AtomicStatusBar' was resolved to '/Users/umituz/Desktop/github/umituz/apps/artificial_intelligence/npm-packages/react-native-auth/node_modules/@umituz/react-native-design-system/src/atoms/status-bar/AtomicStatusBar.tsx', but '--jsx' is not set.
node_modules/@umituz/react-native-design-system/src/device/infrastructure/repositories/SecureDeviceIdRepository.ts(1,30): error TS2307: Cannot find module 'expo-secure-store' or its corresponding type declarations.
node_modules/@umituz/react-native-design-system/src/exception/index.ts(54,31): error TS6142: Module './presentation/components/ErrorBoundary' was resolved to '/Users/umituz/Desktop/github/umituz/apps/artificial_intelligence/npm-packages/react-native-auth/node_modules/@umituz/react-native-design-system/src/exception/presentation/components/ErrorBoundary.tsx', but '--jsx' is not set.
node_modules/@umituz/react-native-design-system/src/exception/index.ts(55,37): error TS6142: Module './presentation/components/ExceptionEmptyState' was resolved to '/Users/umituz/Desktop/github/umituz/apps/artificial_intelligence/npm-packages/react-native-auth/node_modules/@umituz/react-native-design-system/src/exception/presentation/components/ExceptionEmptyState.tsx', but '--jsx' is not set.
node_modules/@umituz/react-native-design-system/src/exception/index.ts(56,47): error TS6142: Module './presentation/components/ExceptionEmptyState' was resolved to '/Users/umituz/Desktop/github/umituz/apps/artificial_intelligence/npm-packages/react-native-auth/node_modules/@umituz/react-native-design-system/src/exception/presentation/components/ExceptionEmptyState.tsx', but '--jsx' is not set.
node_modules/@umituz/react-native-design-system/src/exception/index.ts(57,37): error TS6142: Module './presentation/components/ExceptionErrorState' was resolved to '/Users/umituz/Desktop/github/umituz/apps/artificial_intelligence/npm-packages/react-native-auth/node_modules/@umituz/react-native-design-system/src/exception/presentation/components/ExceptionErrorState.tsx', but '--jsx' is not set.
node_modules/@umituz/react-native-design-system/src/exception/index.ts(58,47): error TS6142: Module './presentation/components/ExceptionErrorState' was resolved to '/Users/umituz/Desktop/github/umituz/apps/artificial_intelligence/npm-packages/react-native-auth/node_modules/@umituz/react-native-design-system/src/exception/presentation/components/ExceptionErrorState.tsx', but '--jsx' is not set.
node_modules/@umituz/react-native-design-system/src/exports/layouts.ts(7,3): error TS2305: Module '"../layouts"' has no exported member 'ScreenLayout'.
node_modules/@umituz/react-native-design-system/src/exports/layouts.ts(8,3): error TS2305: Module '"../layouts"' has no exported member 'AppHeader'.
node_modules/@umituz/react-native-design-system/src/exports/layouts.ts(9,3): error TS2305: Module '"../layouts"' has no exported member 'ScreenHeader'.
node_modules/@umituz/react-native-design-system/src/exports/layouts.ts(13,8): error TS2305: Module '"../layouts"' has no exported member 'ScreenLayoutProps'.
node_modules/@umituz/react-native-design-system/src/exports/layouts.ts(14,8): error TS2305: Module '"../layouts"' has no exported member 'AppHeaderProps'.
node_modules/@umituz/react-native-design-system/src/exports/layouts.ts(15,8): error TS2305: Module '"../layouts"' has no exported member 'ScreenHeaderProps'.
node_modules/@umituz/react-native-design-system/src/exports/molecules.ts(14,3): error TS2305: Module '"../molecules"' has no exported member 'StepProgress'.
node_modules/@umituz/react-native-design-system/src/exports/molecules.ts(28,3): error TS2724: '"../molecules"' has no exported member named 'BottomSheet'. Did you mean 'useBottomSheet'?
node_modules/@umituz/react-native-design-system/src/exports/molecules.ts(29,3): error TS2724: '"../molecules"' has no exported member named 'BottomSheetModal'. Did you mean 'useBottomSheetModal'?
node_modules/@umituz/react-native-design-system/src/exports/molecules.ts(31,3): error TS2305: Module '"../molecules"' has no exported member 'FilterBottomSheet'.
node_modules/@umituz/react-native-design-system/src/exports/molecules.ts(32,3): error TS2305: Module '"../molecules"' has no exported member 'FilterSheet'.
node_modules/@umituz/react-native-design-system/src/exports/molecules.ts(40,3): error TS2724: '"../molecules"' has no exported member named 'SafeBottomSheetModalProvider'. Did you mean 'BottomSheetModalProps'?
node_modules/@umituz/react-native-design-system/src/exports/molecules.ts(81,3): error TS2305: Module '"../molecules"' has no exported member 'SwipeActionButton'.
node_modules/@umituz/react-native-design-system/src/exports/molecules.ts(85,8): error TS2305: Module '"../molecules"' has no exported member 'SwipeActionButtonProps'.
node_modules/@umituz/react-native-design-system/src/exports/molecules.ts(99,3): error TS2305: Module '"../molecules"' has no exported member 'NavigationHeader'.
node_modules/@umituz/react-native-design-system/src/exports/molecules.ts(108,8): error TS2305: Module '"../molecules"' has no exported member 'NavigationHeaderProps'.
node_modules/@umituz/react-native-design-system/src/exports/molecules.ts(177,3): error TS2305: Module '"../molecules"' has no exported member 'FilterGroup'.
node_modules/@umituz/react-native-design-system/src/exports/molecules.ts(181,3): error TS2305: Module '"../molecules"' has no exported member 'ActionFooter'.
node_modules/@umituz/react-native-design-system/src/exports/molecules.ts(185,3): error TS2305: Module '"../molecules"' has no exported member 'HeroSection'.
node_modules/@umituz/react-native-design-system/src/exports/molecules.ts(188,3): error TS2305: Module '"../molecules"' has no exported member 'InfoGrid'.
node_modules/@umituz/react-native-design-system/src/image/index.ts(80,54): error TS6142: Module './presentation/components/ImageGallery' was resolved to '/Users/umituz/Desktop/github/umituz/apps/artificial_intelligence/npm-packages/react-native-auth/node_modules/@umituz/react-native-design-system/src/image/presentation/components/ImageGallery.tsx', but '--jsx' is not set.
node_modules/@umituz/react-native-design-system/src/image/index.ts(81,60): error TS6142: Module './presentation/components/editor/TextEditorSheet' was resolved to '/Users/umituz/Desktop/github/umituz/apps/artificial_intelligence/npm-packages/react-native-auth/node_modules/@umituz/react-native-design-system/src/image/presentation/components/editor/TextEditorSheet.tsx', but '--jsx' is not set.
node_modules/@umituz/react-native-design-system/src/image/index.ts(82,66): error TS6142: Module './presentation/components/editor/StickerPickerSheet' was resolved to '/Users/umituz/Desktop/github/umituz/apps/artificial_intelligence/npm-packages/react-native-auth/node_modules/@umituz/react-native-design-system/src/image/presentation/components/editor/StickerPickerSheet.tsx', but '--jsx' is not set.
node_modules/@umituz/react-native-design-system/src/image/index.ts(83,64): error TS6142: Module './presentation/components/editor/FilterPickerSheet' was resolved to '/Users/umituz/Desktop/github/umituz/apps/artificial_intelligence/npm-packages/react-native-auth/node_modules/@umituz/react-native-design-system/src/image/presentation/components/editor/FilterPickerSheet.tsx', but '--jsx' is not set.
node_modules/@umituz/react-native-design-system/src/image/index.ts(84,52): error TS6142: Module './presentation/components/image/AtomicImage' was resolved to '/Users/umituz/Desktop/github/umituz/apps/artificial_intelligence/npm-packages/react-native-auth/node_modules/@umituz/react-native-design-system/src/image/presentation/components/image/AtomicImage.tsx', but '--jsx' is not set.
node_modules/@umituz/react-native-design-system/src/image/infrastructure/services/ImageConversionService.ts(7,35): error TS2307: Cannot find module 'expo-image-manipulator' or its corresponding type declarations.
node_modules/@umituz/react-native-design-system/src/image/infrastructure/services/ImageTransformService.ts(7,35): error TS2307: Cannot find module 'expo-image-manipulator' or its corresponding type declarations.
node_modules/@umituz/react-native-design-system/src/image/infrastructure/utils/ImageTransformUtils.ts(7,35): error TS2307: Cannot find module 'expo-image-manipulator' or its corresponding type declarations.
node_modules/@umituz/react-native-design-system/src/infinite-scroll/domain/interfaces/infinite-scroll-list-props.ts(8,13): error TS1259: Module '"/Users/umituz/Desktop/github/umituz/apps/artificial_intelligence/npm-packages/react-native-auth/node_modules/@types/react/index"' can only be default-imported using the 'esModuleInterop' flag
node_modules/@umituz/react-native-design-system/src/infinite-scroll/index.ts(48,36): error TS6142: Module './presentation/components/infinite-scroll-list' was resolved to '/Users/umituz/Desktop/github/umituz/apps/artificial_intelligence/npm-packages/react-native-auth/node_modules/@umituz/react-native-design-system/src/infinite-scroll/presentation/components/infinite-scroll-list.tsx', but '--jsx' is not set.
node_modules/@umituz/react-native-design-system/src/infinite-scroll/index.ts(59,25): error TS6142: Module './presentation/components/loading' was resolved to '/Users/umituz/Desktop/github/umituz/apps/artificial_intelligence/npm-packages/react-native-auth/node_modules/@umituz/react-native-design-system/src/infinite-scroll/presentation/components/loading.tsx', but '--jsx' is not set.
node_modules/@umituz/react-native-design-system/src/infinite-scroll/index.ts(60,29): error TS6142: Module './presentation/components/loading-more' was resolved to '/Users/umituz/Desktop/github/umituz/apps/artificial_intelligence/npm-packages/react-native-auth/node_modules/@umituz/react-native-design-system/src/infinite-scroll/presentation/components/loading-more.tsx', but '--jsx' is not set.
node_modules/@umituz/react-native-design-system/src/infinite-scroll/index.ts(61,23): error TS6142: Module './presentation/components/empty' was resolved to '/Users/umituz/Desktop/github/umituz/apps/artificial_intelligence/npm-packages/react-native-auth/node_modules/@umituz/react-native-design-system/src/infinite-scroll/presentation/components/empty.tsx', but '--jsx' is not set.
node_modules/@umituz/react-native-design-system/src/infinite-scroll/index.ts(62,23): error TS6142: Module './presentation/components/error' was resolved to '/Users/umituz/Desktop/github/umituz/apps/artificial_intelligence/npm-packages/react-native-auth/node_modules/@umituz/react-native-design-system/src/infinite-scroll/presentation/components/error.tsx', but '--jsx' is not set.
node_modules/@umituz/react-native-design-system/src/layouts/AppHeader/index.ts(1,15): error TS6142: Module './AppHeader' was resolved to '/Users/umituz/Desktop/github/umituz/apps/artificial_intelligence/npm-packages/react-native-auth/node_modules/@umituz/react-native-design-system/src/layouts/AppHeader/AppHeader.tsx', but '--jsx' is not set.
node_modules/@umituz/react-native-design-system/src/layouts/Container/index.ts(1,48): error TS6142: Module './Container' was resolved to '/Users/umituz/Desktop/github/umituz/apps/artificial_intelligence/npm-packages/react-native-auth/node_modules/@umituz/react-native-design-system/src/layouts/Container/Container.tsx', but '--jsx' is not set.
node_modules/@umituz/react-native-design-system/src/layouts/FormLayout/index.ts(1,50): error TS6142: Module './FormLayout' was resolved to '/Users/umituz/Desktop/github/umituz/apps/artificial_intelligence/npm-packages/react-native-auth/node_modules/@umituz/react-native-design-system/src/layouts/FormLayout/FormLayout.tsx', but '--jsx' is not set.
node_modules/@umituz/react-native-design-system/src/layouts/Grid/index.ts(1,38): error TS6142: Module './Grid' was resolved to '/Users/umituz/Desktop/github/umituz/apps/artificial_intelligence/npm-packages/react-native-auth/node_modules/@umituz/react-native-design-system/src/layouts/Grid/Grid.tsx', but '--jsx' is not set.
node_modules/@umituz/react-native-design-system/src/layouts/ScreenHeader/index.ts(1,15): error TS6142: Module './ScreenHeader' was resolved to '/Users/umituz/Desktop/github/umituz/apps/artificial_intelligence/npm-packages/react-native-auth/node_modules/@umituz/react-native-design-system/src/layouts/ScreenHeader/ScreenHeader.tsx', but '--jsx' is not set.
node_modules/@umituz/react-native-design-system/src/layouts/ScreenLayout/index.ts(1,15): error TS6142: Module './ScreenLayout' was resolved to '/Users/umituz/Desktop/github/umituz/apps/artificial_intelligence/npm-packages/react-native-auth/node_modules/@umituz/react-native-design-system/src/layouts/ScreenLayout/ScreenLayout.tsx', but '--jsx' is not set.
node_modules/@umituz/react-native-design-system/src/media/infrastructure/services/MediaPickerService.ts(8,30): error TS2307: Cannot find module 'expo-image-picker' or its corresponding type declarations.
node_modules/@umituz/react-native-design-system/src/media/infrastructure/services/MediaSaveService.ts(6,31): error TS2307: Cannot find module 'expo-media-library' or its corresponding type declarations.
node_modules/@umituz/react-native-design-system/src/media/infrastructure/utils/mediaPickerMappers.ts(6,30): error TS2307: Cannot find module 'expo-image-picker' or its corresponding type declarations.
node_modules/@umituz/react-native-design-system/src/media/presentation/hooks/useCardMediaGeneration.ts(6,8): error TS1259: Module '"/Users/umituz/Desktop/github/umituz/apps/artificial_intelligence/npm-packages/react-native-auth/node_modules/@types/react/index"' can only be default-imported using the 'esModuleInterop' flag
node_modules/@umituz/react-native-design-system/src/media/presentation/hooks/useCardMediaUpload.ts(6,8): error TS1259: Module '"/Users/umituz/Desktop/github/umituz/apps/artificial_intelligence/npm-packages/react-native-auth/node_modules/@types/react/index"' can only be default-imported using the 'esModuleInterop' flag
node_modules/@umituz/react-native-design-system/src/media/presentation/hooks/useCardMediaValidation.ts(6,8): error TS1259: Module '"/Users/umituz/Desktop/github/umituz/apps/artificial_intelligence/npm-packages/react-native-auth/node_modules/@types/react/index"' can only be default-imported using the 'esModuleInterop' flag
node_modules/@umituz/react-native-design-system/src/media/presentation/hooks/useCardMultimediaFlashcard.ts(6,8): error TS1259: Module '"/Users/umituz/Desktop/github/umituz/apps/artificial_intelligence/npm-packages/react-native-auth/node_modules/@types/react/index"' can only be default-imported using the 'esModuleInterop' flag
node_modules/@umituz/react-native-design-system/src/molecules/action-footer/index.ts(2,15): error TS6142: Module './ActionFooter' was resolved to '/Users/umituz/Desktop/github/umituz/apps/artificial_intelligence/npm-packages/react-native-auth/node_modules/@umituz/react-native-design-system/src/molecules/action-footer/ActionFooter.tsx', but '--jsx' is not set.
node_modules/@umituz/react-native-design-system/src/molecules/alerts/index.ts(8,29): error TS6142: Module './AlertBanner' was resolved to '/Users/umituz/Desktop/github/umituz/apps/artificial_intelligence/npm-packages/react-native-auth/node_modules/@umituz/react-native-design-system/src/molecules/alerts/AlertBanner.tsx', but '--jsx' is not set.
node_modules/@umituz/react-native-design-system/src/molecules/alerts/index.ts(9,28): error TS6142: Module './AlertToast' was resolved to '/Users/umituz/Desktop/github/umituz/apps/artificial_intelligence/npm-packages/react-native-auth/node_modules/@umituz/react-native-design-system/src/molecules/alerts/AlertToast.tsx', but '--jsx' is not set.
node_modules/@umituz/react-native-design-system/src/molecules/alerts/index.ts(10,29): error TS6142: Module './AlertInline' was resolved to '/Users/umituz/Desktop/github/umituz/apps/artificial_intelligence/npm-packages/react-native-auth/node_modules/@umituz/react-native-design-system/src/molecules/alerts/AlertInline.tsx', but '--jsx' is not set.
node_modules/@umituz/react-native-design-system/src/molecules/alerts/index.ts(11,28): error TS6142: Module './AlertModal' was resolved to '/Users/umituz/Desktop/github/umituz/apps/artificial_intelligence/npm-packages/react-native-auth/node_modules/@umituz/react-native-design-system/src/molecules/alerts/AlertModal.tsx', but '--jsx' is not set.
node_modules/@umituz/react-native-design-system/src/molecules/alerts/index.ts(12,32): error TS6142: Module './AlertContainer' was resolved to '/Users/umituz/Desktop/github/umituz/apps/artificial_intelligence/npm-packages/react-native-auth/node_modules/@umituz/react-native-design-system/src/molecules/alerts/AlertContainer.tsx', but '--jsx' is not set.
node_modules/@umituz/react-native-design-system/src/molecules/alerts/index.ts(13,31): error TS6142: Module './AlertProvider' was resolved to '/Users/umituz/Desktop/github/umituz/apps/artificial_intelligence/npm-packages/react-native-auth/node_modules/@umituz/react-native-design-system/src/molecules/alerts/AlertProvider.tsx', but '--jsx' is not set.
node_modules/@umituz/react-native-design-system/src/molecules/avatar/index.ts(1,42): error TS6142: Module './Avatar' was resolved to '/Users/umituz/Desktop/github/umituz/apps/artificial_intelligence/npm-packages/react-native-auth/node_modules/@umituz/react-native-design-system/src/molecules/avatar/Avatar.tsx', but '--jsx' is not set.
node_modules/@umituz/react-native-design-system/src/molecules/avatar/index.ts(2,74): error TS6142: Module './AvatarGroup' was resolved to '/Users/umituz/Desktop/github/umituz/apps/artificial_intelligence/npm-packages/react-native-auth/node_modules/@umituz/react-native-design-system/src/molecules/avatar/AvatarGroup.tsx', but '--jsx' is not set.
node_modules/@umituz/react-native-design-system/src/molecules/bottom-sheet/index.ts(1,15): error TS6142: Module './components/BottomSheet' was resolved to '/Users/umituz/Desktop/github/umituz/apps/artificial_intelligence/npm-packages/react-native-auth/node_modules/@umituz/react-native-design-system/src/molecules/bottom-sheet/components/BottomSheet.tsx', but '--jsx' is not set.
node_modules/@umituz/react-native-design-system/src/molecules/bottom-sheet/index.ts(2,15): error TS6142: Module './components/BottomSheetModal' was resolved to '/Users/umituz/Desktop/github/umituz/apps/artificial_intelligence/npm-packages/react-native-auth/node_modules/@umituz/react-native-design-system/src/molecules/bottom-sheet/components/BottomSheetModal.tsx', but '--jsx' is not set.
node_modules/@umituz/react-native-design-system/src/molecules/bottom-sheet/index.ts(4,15): error TS6142: Module './components/filter/FilterBottomSheet' was resolved to '/Users/umituz/Desktop/github/umituz/apps/artificial_intelligence/npm-packages/react-native-auth/node_modules/@umituz/react-native-design-system/src/molecules/bottom-sheet/components/filter/FilterBottomSheet.tsx', but '--jsx' is not set.
node_modules/@umituz/react-native-design-system/src/molecules/bottom-sheet/index.ts(5,15): error TS6142: Module './components/filter/FilterSheet' was resolved to '/Users/umituz/Desktop/github/umituz/apps/artificial_intelligence/npm-packages/react-native-auth/node_modules/@umituz/react-native-design-system/src/molecules/bottom-sheet/components/filter/FilterSheet.tsx', but '--jsx' is not set.
node_modules/@umituz/react-native-design-system/src/molecules/bottom-sheet/index.ts(11,15): error TS6142: Module './SafeBottomSheetModalProvider' was resolved to '/Users/umituz/Desktop/github/umituz/apps/artificial_intelligence/npm-packages/react-native-auth/node_modules/@umituz/react-native-design-system/src/molecules/bottom-sheet/SafeBottomSheetModalProvider.tsx', but '--jsx' is not set.
node_modules/@umituz/react-native-design-system/src/molecules/bottom-sheet/types/BottomSheet.ts(1,8): error TS1259: Module '"/Users/umituz/Desktop/github/umituz/apps/artificial_intelligence/npm-packages/react-native-auth/node_modules/@types/react/index"' can only be default-imported using the 'esModuleInterop' flag
node_modules/@umituz/react-native-design-system/src/molecules/calendar/index.ts(69,8): error TS6142: Module './presentation/components/AtomicCalendar' was resolved to '/Users/umituz/Desktop/github/umituz/apps/artificial_intelligence/npm-packages/react-native-auth/node_modules/@umituz/react-native-design-system/src/molecules/calendar/presentation/components/AtomicCalendar.tsx', but '--jsx' is not set.
node_modules/@umituz/react-native-design-system/src/molecules/confirmation-modal/useConfirmationModal.ts(7,8): error TS1259: Module '"/Users/umituz/Desktop/github/umituz/apps/artificial_intelligence/npm-packages/react-native-auth/node_modules/@types/react/index"' can only be default-imported using the 'esModuleInterop' flag
node_modules/@umituz/react-native-design-system/src/molecules/countdown/index.ts(1,27): error TS6142: Module './components/Countdown' was resolved to '/Users/umituz/Desktop/github/umituz/apps/artificial_intelligence/npm-packages/react-native-auth/node_modules/@umituz/react-native-design-system/src/molecules/countdown/components/Countdown.tsx', but '--jsx' is not set.
node_modules/@umituz/react-native-design-system/src/molecules/countdown/index.ts(2,37): error TS6142: Module './components/Countdown' was resolved to '/Users/umituz/Desktop/github/umituz/apps/artificial_intelligence/npm-packages/react-native-auth/node_modules/@umituz/react-native-design-system/src/molecules/countdown/components/Countdown.tsx', but '--jsx' is not set.
node_modules/@umituz/react-native-design-system/src/molecules/countdown/index.ts(4,26): error TS6142: Module './components/TimeUnit' was resolved to '/Users/umituz/Desktop/github/umituz/apps/artificial_intelligence/npm-packages/react-native-auth/node_modules/@umituz/react-native-design-system/src/molecules/countdown/components/TimeUnit.tsx', but '--jsx' is not set.
node_modules/@umituz/react-native-design-system/src/molecules/countdown/index.ts(5,36): error TS6142: Module './components/TimeUnit' was resolved to '/Users/umituz/Desktop/github/umituz/apps/artificial_intelligence/npm-packages/react-native-auth/node_modules/@umituz/react-native-design-system/src/molecules/countdown/components/TimeUnit.tsx', but '--jsx' is not set.
node_modules/@umituz/react-native-design-system/src/molecules/countdown/index.ts(7,33): error TS6142: Module './components/CountdownHeader' was resolved to '/Users/umituz/Desktop/github/umituz/apps/artificial_intelligence/npm-packages/react-native-auth/node_modules/@umituz/react-native-design-system/src/molecules/countdown/components/CountdownHeader.tsx', but '--jsx' is not set.
node_modules/@umituz/react-native-design-system/src/molecules/countdown/index.ts(8,43): error TS6142: Module './components/CountdownHeader' was resolved to '/Users/umituz/Desktop/github/umituz/apps/artificial_intelligence/npm-packages/react-native-auth/node_modules/@umituz/react-native-design-system/src/molecules/countdown/components/CountdownHeader.tsx', but '--jsx' is not set.
node_modules/@umituz/react-native-design-system/src/molecules/Divider/index.ts(1,15): error TS6142: Module './Divider' was resolved to '/Users/umituz/Desktop/github/umituz/apps/artificial_intelligence/npm-packages/react-native-auth/node_modules/@umituz/react-native-design-system/src/molecules/Divider/Divider.tsx', but '--jsx' is not set.
node_modules/@umituz/react-native-design-system/src/molecules/emoji/domain/entities/Emoji.ts(107,153): error TS1501: This regular expression flag is only available when targeting 'es6' or later.
node_modules/@umituz/react-native-design-system/src/molecules/emoji/domain/entities/Emoji.ts(117,159): error TS1501: This regular expression flag is only available when targeting 'es6' or later.
node_modules/@umituz/react-native-design-system/src/molecules/emoji/index.ts(169,29): error TS6142: Module './presentation/components/EmojiPicker' was resolved to '/Users/umituz/Desktop/github/umituz/apps/artificial_intelligence/npm-packages/react-native-auth/node_modules/@umituz/react-native-design-system/src/molecules/emoji/presentation/components/EmojiPicker.tsx', but '--jsx' is not set.
node_modules/@umituz/react-native-design-system/src/molecules/emoji/index.ts(170,39): error TS6142: Module './presentation/components/EmojiPicker' was resolved to '/Users/umituz/Desktop/github/umituz/apps/artificial_intelligence/npm-packages/react-native-auth/node_modules/@umituz/react-native-design-system/src/molecules/emoji/presentation/components/EmojiPicker.tsx', but '--jsx' is not set.
node_modules/@umituz/react-native-design-system/src/molecules/filter-group/index.ts(2,15): error TS6142: Module './FilterGroup' was resolved to '/Users/umituz/Desktop/github/umituz/apps/artificial_intelligence/npm-packages/react-native-auth/node_modules/@umituz/react-native-design-system/src/molecules/filter-group/FilterGroup.tsx', but '--jsx' is not set.
node_modules/@umituz/react-native-design-system/src/molecules/hero-section/index.ts(2,15): error TS6142: Module './HeroSection' was resolved to '/Users/umituz/Desktop/github/umituz/apps/artificial_intelligence/npm-packages/react-native-auth/node_modules/@umituz/react-native-design-system/src/molecules/hero-section/HeroSection.tsx', but '--jsx' is not set.
node_modules/@umituz/react-native-design-system/src/molecules/index.ts(9,48): error TS6142: Module './FormField' was resolved to '/Users/umituz/Desktop/github/umituz/apps/artificial_intelligence/npm-packages/react-native-auth/node_modules/@umituz/react-native-design-system/src/molecules/FormField.tsx', but '--jsx' is not set.
node_modules/@umituz/react-native-design-system/src/molecules/index.ts(10,46): error TS6142: Module './ListItem' was resolved to '/Users/umituz/Desktop/github/umituz/apps/artificial_intelligence/npm-packages/react-native-auth/node_modules/@umituz/react-native-design-system/src/molecules/ListItem.tsx', but '--jsx' is not set.
node_modules/@umituz/react-native-design-system/src/molecules/index.ts(13,10): error TS2305: Module '"./SearchBar"' has no exported member 'SearchBar'.
node_modules/@umituz/react-native-design-system/src/molecules/index.ts(14,31): error TS6142: Module './IconContainer' was resolved to '/Users/umituz/Desktop/github/umituz/apps/artificial_intelligence/npm-packages/react-native-auth/node_modules/@umituz/react-native-design-system/src/molecules/IconContainer.tsx', but '--jsx' is not set.
node_modules/@umituz/react-native-design-system/src/molecules/index.ts(15,48): error TS6142: Module './BaseModal' was resolved to '/Users/umituz/Desktop/github/umituz/apps/artificial_intelligence/npm-packages/react-native-auth/node_modules/@umituz/react-native-design-system/src/molecules/BaseModal.tsx', but '--jsx' is not set.
node_modules/@umituz/react-native-design-system/src/molecules/index.ts(16,35): error TS6142: Module './ConfirmationModalMain' was resolved to '/Users/umituz/Desktop/github/umituz/apps/artificial_intelligence/npm-packages/react-native-auth/node_modules/@umituz/react-native-design-system/src/molecules/ConfirmationModalMain.tsx', but '--jsx' is not set.
node_modules/@umituz/react-native-design-system/src/molecules/info-grid/index.ts(2,15): error TS6142: Module './InfoGrid' was resolved to '/Users/umituz/Desktop/github/umituz/apps/artificial_intelligence/npm-packages/react-native-auth/node_modules/@umituz/react-native-design-system/src/molecules/info-grid/InfoGrid.tsx', but '--jsx' is not set.
node_modules/@umituz/react-native-design-system/src/molecules/List/index.ts(1,38): error TS6142: Module './List' was resolved to '/Users/umituz/Desktop/github/umituz/apps/artificial_intelligence/npm-packages/react-native-auth/node_modules/@umituz/react-native-design-system/src/molecules/List/List.tsx', but '--jsx' is not set.
node_modules/@umituz/react-native-design-system/src/molecules/navigation/createStackNavigator.ts(1,8): error TS1259: Module '"/Users/umituz/Desktop/github/umituz/apps/artificial_intelligence/npm-packages/react-native-auth/node_modules/@types/react/index"' can only be default-imported using the 'esModuleInterop' flag
node_modules/@umituz/react-native-design-system/src/molecules/navigation/createStackNavigator.ts(4,32): error TS6142: Module './StackNavigator' was resolved to '/Users/umituz/Desktop/github/umituz/apps/artificial_intelligence/npm-packages/react-native-auth/node_modules/@umituz/react-native-design-system/src/molecules/navigation/StackNavigator.tsx', but '--jsx' is not set.
node_modules/@umituz/react-native-design-system/src/molecules/navigation/createTabNavigator.ts(1,8): error TS1259: Module '"/Users/umituz/Desktop/github/umituz/apps/artificial_intelligence/npm-packages/react-native-auth/node_modules/@types/react/index"' can only be default-imported using the 'esModuleInterop' flag
node_modules/@umituz/react-native-design-system/src/molecules/navigation/createTabNavigator.ts(4,31): error TS6142: Module './TabsNavigator' was resolved to '/Users/umituz/Desktop/github/umituz/apps/artificial_intelligence/npm-packages/react-native-auth/node_modules/@umituz/react-native-design-system/src/molecules/navigation/TabsNavigator.tsx', but '--jsx' is not set.
node_modules/@umituz/react-native-design-system/src/molecules/navigation/hooks/useTabConfig.ts(1,8): error TS1259: Module '"/Users/umituz/Desktop/github/umituz/apps/artificial_intelligence/npm-packages/react-native-auth/node_modules/@types/react/index"' can only be default-imported using the 'esModuleInterop' flag
node_modules/@umituz/react-native-design-system/src/molecules/navigation/hooks/useTabConfig.ts(4,28): error TS6142: Module '../../../atoms/AtomicIcon' was resolved to '/Users/umituz/Desktop/github/umituz/apps/artificial_intelligence/npm-packages/react-native-auth/node_modules/@umituz/react-native-design-system/src/atoms/AtomicIcon.tsx', but '--jsx' is not set.
node_modules/@umituz/react-native-design-system/src/molecules/navigation/index.ts(3,56): error TS6142: Module './TabsNavigator' was resolved to '/Users/umituz/Desktop/github/umituz/apps/artificial_intelligence/npm-packages/react-native-auth/node_modules/@umituz/react-native-design-system/src/molecules/navigation/TabsNavigator.tsx', but '--jsx' is not set.
node_modules/@umituz/react-native-design-system/src/molecules/navigation/index.ts(4,58): error TS6142: Module './StackNavigator' was resolved to '/Users/umituz/Desktop/github/umituz/apps/artificial_intelligence/npm-packages/react-native-auth/node_modules/@umituz/react-native-design-system/src/molecules/navigation/StackNavigator.tsx', but '--jsx' is not set.
node_modules/@umituz/react-native-design-system/src/molecules/navigation/index.ts(5,48): error TS6142: Module './components/FabButton' was resolved to '/Users/umituz/Desktop/github/umituz/apps/artificial_intelligence/npm-packages/react-native-auth/node_modules/@umituz/react-native-design-system/src/molecules/navigation/components/FabButton.tsx', but '--jsx' is not set.
node_modules/@umituz/react-native-design-system/src/molecules/navigation/index.ts(36,46): error TS6142: Module './components/TabLabel' was resolved to '/Users/umituz/Desktop/github/umituz/apps/artificial_intelligence/npm-packages/react-native-auth/node_modules/@umituz/react-native-design-system/src/molecules/navigation/components/TabLabel.tsx', but '--jsx' is not set.
node_modules/@umituz/react-native-design-system/src/molecules/navigation/index.ts(37,15): error TS6142: Module './components/NavigationHeader' was resolved to '/Users/umituz/Desktop/github/umituz/apps/artificial_intelligence/npm-packages/react-native-auth/node_modules/@umituz/react-native-design-system/src/molecules/navigation/components/NavigationHeader.tsx', but '--jsx' is not set.
node_modules/@umituz/react-native-design-system/src/molecules/navigation/types.ts(7,31): error TS6142: Module '../../atoms/AtomicIcon' was resolved to '/Users/umituz/Desktop/github/umituz/apps/artificial_intelligence/npm-packages/react-native-auth/node_modules/@umituz/react-native-design-system/src/atoms/AtomicIcon.tsx', but '--jsx' is not set.
node_modules/@umituz/react-native-design-system/src/molecules/SearchBar/index.ts(1,15): error TS6142: Module './SearchBar' was resolved to '/Users/umituz/Desktop/github/umituz/apps/artificial_intelligence/npm-packages/react-native-auth/node_modules/@umituz/react-native-design-system/src/molecules/SearchBar/SearchBar.tsx', but '--jsx' is not set.
node_modules/@umituz/react-native-design-system/src/molecules/SearchBar/index.ts(2,15): error TS6142: Module './SearchHistory' was resolved to '/Users/umituz/Desktop/github/umituz/apps/artificial_intelligence/npm-packages/react-native-auth/node_modules/@umituz/react-native-design-system/src/molecules/SearchBar/SearchHistory.tsx', but '--jsx' is not set.
node_modules/@umituz/react-native-design-system/src/molecules/SearchBar/index.ts(3,15): error TS6142: Module './SearchSuggestions' was resolved to '/Users/umituz/Desktop/github/umituz/apps/artificial_intelligence/npm-packages/react-native-auth/node_modules/@umituz/react-native-design-system/src/molecules/SearchBar/SearchSuggestions.tsx', but '--jsx' is not set.
node_modules/@umituz/react-native-design-system/src/molecules/splash/components/index.ts(1,30): error TS6142: Module './SplashScreen' was resolved to '/Users/umituz/Desktop/github/umituz/apps/artificial_intelligence/npm-packages/react-native-auth/node_modules/@umituz/react-native-design-system/src/molecules/splash/components/SplashScreen.tsx', but '--jsx' is not set.
node_modules/@umituz/react-native-design-system/src/molecules/StepHeader/index.ts(1,28): error TS6142: Module './StepHeader' was resolved to '/Users/umituz/Desktop/github/umituz/apps/artificial_intelligence/npm-packages/react-native-auth/node_modules/@umituz/react-native-design-system/src/molecules/StepHeader/StepHeader.tsx', but '--jsx' is not set.
node_modules/@umituz/react-native-design-system/src/molecules/StepHeader/index.ts(2,56): error TS6142: Module './StepHeader' was resolved to '/Users/umituz/Desktop/github/umituz/apps/artificial_intelligence/npm-packages/react-native-auth/node_modules/@umituz/react-native-design-system/src/molecules/StepHeader/StepHeader.tsx', but '--jsx' is not set.
node_modules/@umituz/react-native-design-system/src/molecules/StepProgress/index.ts(1,15): error TS6142: Module './StepProgress' was resolved to '/Users/umituz/Desktop/github/umituz/apps/artificial_intelligence/npm-packages/react-native-auth/node_modules/@umituz/react-native-design-system/src/molecules/StepProgress/StepProgress.tsx', but '--jsx' is not set.
node_modules/@umituz/react-native-design-system/src/molecules/swipe-actions/index.ts(6,15): error TS6142: Module './presentation/components/SwipeActionButton' was resolved to '/Users/umituz/Desktop/github/umituz/apps/artificial_intelligence/npm-packages/react-native-auth/node_modules/@umituz/react-native-design-system/src/molecules/swipe-actions/presentation/components/SwipeActionButton.tsx', but '--jsx' is not set.
node_modules/@umituz/react-native-design-system/src/offline/index.ts(24,31): error TS6142: Module './presentation/components/OfflineBanner' was resolved to '/Users/umituz/Desktop/github/umituz/apps/artificial_intelligence/npm-packages/react-native-auth/node_modules/@umituz/react-native-design-system/src/offline/presentation/components/OfflineBanner.tsx', but '--jsx' is not set.
node_modules/@umituz/react-native-design-system/src/offline/index.ts(25,41): error TS6142: Module './presentation/components/OfflineBanner' was resolved to '/Users/umituz/Desktop/github/umituz/apps/artificial_intelligence/npm-packages/react-native-auth/node_modules/@umituz/react-native-design-system/src/offline/presentation/components/OfflineBanner.tsx', but '--jsx' is not set.
node_modules/@umituz/react-native-design-system/src/offline/index.ts(28,33): error TS6142: Module './presentation/providers/NetworkProvider' was resolved to '/Users/umituz/Desktop/github/umituz/apps/artificial_intelligence/npm-packages/react-native-auth/node_modules/@umituz/react-native-design-system/src/offline/presentation/providers/NetworkProvider.tsx', but '--jsx' is not set.
node_modules/@umituz/react-native-design-system/src/offline/presentation/hooks/useOffline.ts(8,26): error TS2307: Cannot find module 'expo-network' or its corresponding type declarations.
node_modules/@umituz/react-native-design-system/src/offline/presentation/hooks/useOffline.ts(9,55): error TS2307: Cannot find module 'expo-network' or its corresponding type declarations.
node_modules/@umituz/react-native-design-system/src/onboarding/index.ts(68,62): error TS6142: Module './presentation/screens/OnboardingScreen' was resolved to '/Users/umituz/Desktop/github/umituz/apps/artificial_intelligence/npm-packages/react-native-auth/node_modules/@umituz/react-native-design-system/src/onboarding/presentation/screens/OnboardingScreen.tsx', but '--jsx' is not set.
node_modules/@umituz/react-native-design-system/src/onboarding/index.ts(69,62): error TS6142: Module './presentation/components/OnboardingHeader' was resolved to '/Users/umituz/Desktop/github/umituz/apps/artificial_intelligence/npm-packages/react-native-auth/node_modules/@umituz/react-native-design-system/src/onboarding/presentation/components/OnboardingHeader.tsx', but '--jsx' is not set.
node_modules/@umituz/react-native-design-system/src/onboarding/index.ts(70,62): error TS6142: Module './presentation/components/OnboardingFooter' was resolved to '/Users/umituz/Desktop/github/umituz/apps/artificial_intelligence/npm-packages/react-native-auth/node_modules/@umituz/react-native-design-system/src/onboarding/presentation/components/OnboardingFooter.tsx', but '--jsx' is not set.
node_modules/@umituz/react-native-design-system/src/onboarding/index.ts(71,89): error TS6142: Module './presentation/providers/OnboardingProvider' was resolved to '/Users/umituz/Desktop/github/umituz/apps/artificial_intelligence/npm-packages/react-native-auth/node_modules/@umituz/react-native-design-system/src/onboarding/presentation/providers/OnboardingProvider.tsx', but '--jsx' is not set.
node_modules/@umituz/react-native-design-system/src/onboarding/index.ts(72,94): error TS6142: Module './presentation/components/BackgroundImageCollage' was resolved to '/Users/umituz/Desktop/github/umituz/apps/artificial_intelligence/npm-packages/react-native-auth/node_modules/@umituz/react-native-design-system/src/onboarding/presentation/components/BackgroundImageCollage.tsx', but '--jsx' is not set.
node_modules/@umituz/react-native-design-system/src/onboarding/index.ts(86,61): error TS6142: Module './presentation/components/OnboardingSlide' was resolved to '/Users/umituz/Desktop/github/umituz/apps/artificial_intelligence/npm-packages/react-native-auth/node_modules/@umituz/react-native-design-system/src/onboarding/presentation/components/OnboardingSlide.tsx', but '--jsx' is not set.
node_modules/@umituz/react-native-design-system/src/onboarding/index.ts(88,43): error TS6142: Module './presentation/components/OnboardingSlide' was resolved to '/Users/umituz/Desktop/github/umituz/apps/artificial_intelligence/npm-packages/react-native-auth/node_modules/@umituz/react-native-design-system/src/onboarding/presentation/components/OnboardingSlide.tsx', but '--jsx' is not set.
node_modules/@umituz/react-native-design-system/src/onboarding/index.ts(91,31): error TS6142: Module './presentation/components/QuestionSlide' was resolved to '/Users/umituz/Desktop/github/umituz/apps/artificial_intelligence/npm-packages/react-native-auth/node_modules/@umituz/react-native-design-system/src/onboarding/presentation/components/QuestionSlide.tsx', but '--jsx' is not set.
node_modules/@umituz/react-native-design-system/src/onboarding/index.ts(92,41): error TS6142: Module './presentation/components/QuestionSlide' was resolved to '/Users/umituz/Desktop/github/umituz/apps/artificial_intelligence/npm-packages/react-native-auth/node_modules/@umituz/react-native-design-system/src/onboarding/presentation/components/QuestionSlide.tsx', but '--jsx' is not set.
node_modules/@umituz/react-native-design-system/src/onboarding/index.ts(95,38): error TS6142: Module './presentation/components/questions/SingleChoiceQuestion' was resolved to '/Users/umituz/Desktop/github/umituz/apps/artificial_intelligence/npm-packages/react-native-auth/node_modules/@umituz/react-native-design-system/src/onboarding/presentation/components/questions/SingleChoiceQuestion.tsx', but '--jsx' is not set.
node_modules/@umituz/react-native-design-system/src/onboarding/index.ts(96,48): error TS6142: Module './presentation/components/questions/SingleChoiceQuestion' was resolved to '/Users/umituz/Desktop/github/umituz/apps/artificial_intelligence/npm-packages/react-native-auth/node_modules/@umituz/react-native-design-system/src/onboarding/presentation/components/questions/SingleChoiceQuestion.tsx', but '--jsx' is not set.
node_modules/@umituz/react-native-design-system/src/onboarding/index.ts(97,40): error TS6142: Module './presentation/components/questions/MultipleChoiceQuestion' was resolved to '/Users/umituz/Desktop/github/umituz/apps/artificial_intelligence/npm-packages/react-native-auth/node_modules/@umituz/react-native-design-system/src/onboarding/presentation/components/questions/MultipleChoiceQuestion.tsx', but '--jsx' is not set.
node_modules/@umituz/react-native-design-system/src/onboarding/index.ts(98,50): error TS6142: Module './presentation/components/questions/MultipleChoiceQuestion' was resolved to '/Users/umituz/Desktop/github/umituz/apps/artificial_intelligence/npm-packages/react-native-auth/node_modules/@umituz/react-native-design-system/src/onboarding/presentation/components/questions/MultipleChoiceQuestion.tsx', but '--jsx' is not set.
node_modules/@umituz/react-native-design-system/src/onboarding/index.ts(99,35): error TS6142: Module './presentation/components/questions/TextInputQuestion' was resolved to '/Users/umituz/Desktop/github/umituz/apps/artificial_intelligence/npm-packages/react-native-auth/node_modules/@umituz/react-native-design-system/src/onboarding/presentation/components/questions/TextInputQuestion.tsx', but '--jsx' is not set.
node_modules/@umituz/react-native-design-system/src/onboarding/index.ts(100,45): error TS6142: Module './presentation/components/questions/TextInputQuestion' was resolved to '/Users/umituz/Desktop/github/umituz/apps/artificial_intelligence/npm-packages/react-native-auth/node_modules/@umituz/react-native-design-system/src/onboarding/presentation/components/questions/TextInputQuestion.tsx', but '--jsx' is not set.
node_modules/@umituz/react-native-design-system/src/onboarding/index.ts(101,32): error TS6142: Module './presentation/components/questions/RatingQuestion' was resolved to '/Users/umituz/Desktop/github/umituz/apps/artificial_intelligence/npm-packages/react-native-auth/node_modules/@umituz/react-native-design-system/src/onboarding/presentation/components/questions/RatingQuestion.tsx', but '--jsx' is not set.
node_modules/@umituz/react-native-design-system/src/onboarding/index.ts(102,42): error TS6142: Module './presentation/components/questions/RatingQuestion' was resolved to '/Users/umituz/Desktop/github/umituz/apps/artificial_intelligence/npm-packages/react-native-auth/node_modules/@umituz/react-native-design-system/src/onboarding/presentation/components/questions/RatingQuestion.tsx', but '--jsx' is not set.
node_modules/@umituz/react-native-design-system/src/onboarding/index.ts(104,40): error TS6142: Module './presentation/components/OnboardingResetSetting' was resolved to '/Users/umituz/Desktop/github/umituz/apps/artificial_intelligence/npm-packages/react-native-auth/node_modules/@umituz/react-native-design-system/src/onboarding/presentation/components/OnboardingResetSetting.tsx', but '--jsx' is not set.
node_modules/@umituz/react-native-design-system/src/onboarding/index.ts(105,50): error TS6142: Module './presentation/components/OnboardingResetSetting' was resolved to '/Users/umituz/Desktop/github/umituz/apps/artificial_intelligence/npm-packages/react-native-auth/node_modules/@umituz/react-native-design-system/src/onboarding/presentation/components/OnboardingResetSetting.tsx', but '--jsx' is not set.
node_modules/@umituz/react-native-design-system/src/onboarding/infrastructure/utils/layouts/layoutTypes.ts(6,34): error TS2307: Cannot find module 'expo-image' or its corresponding type declarations.
node_modules/@umituz/react-native-design-system/src/organisms/index.ts(14,31): error TS6142: Module './FormContainer' was resolved to '/Users/umituz/Desktop/github/umituz/apps/artificial_intelligence/npm-packages/react-native-auth/node_modules/@umituz/react-native-design-system/src/organisms/FormContainer.tsx', but '--jsx' is not set.
node_modules/@umituz/react-native-design-system/src/organisms/index.ts(17,41): error TS6142: Module './FormContainer' was resolved to '/Users/umituz/Desktop/github/umituz/apps/artificial_intelligence/npm-packages/react-native-auth/node_modules/@umituz/react-native-design-system/src/organisms/FormContainer.tsx', but '--jsx' is not set.
node_modules/@umituz/react-native-design-system/src/organisms/index.ts(20,41): error TS6142: Module './FormContainer' was resolved to '/Users/umituz/Desktop/github/umituz/apps/artificial_intelligence/npm-packages/react-native-auth/node_modules/@umituz/react-native-design-system/src/organisms/FormContainer.tsx', but '--jsx' is not set.
node_modules/@umituz/react-native-design-system/src/safe-area/hooks/useContentSafeAreaPadding.ts(8,35): error TS6142: Module '../components/SafeAreaProvider' was resolved to '/Users/umituz/Desktop/github/umituz/apps/artificial_intelligence/npm-packages/react-native-auth/node_modules/@umituz/react-native-design-system/src/safe-area/components/SafeAreaProvider.tsx', but '--jsx' is not set.
node_modules/@umituz/react-native-design-system/src/safe-area/hooks/useHeaderSafeAreaPadding.ts(8,35): error TS6142: Module '../components/SafeAreaProvider' was resolved to '/Users/umituz/Desktop/github/umituz/apps/artificial_intelligence/npm-packages/react-native-auth/node_modules/@umituz/react-native-design-system/src/safe-area/components/SafeAreaProvider.tsx', but '--jsx' is not set.
node_modules/@umituz/react-native-design-system/src/safe-area/hooks/useStatusBarSafeAreaPadding.ts(9,35): error TS6142: Module '../components/SafeAreaProvider' was resolved to '/Users/umituz/Desktop/github/umituz/apps/artificial_intelligence/npm-packages/react-native-auth/node_modules/@umituz/react-native-design-system/src/safe-area/components/SafeAreaProvider.tsx', but '--jsx' is not set.
node_modules/@umituz/react-native-design-system/src/safe-area/index.ts(6,53): error TS6142: Module './components/SafeAreaProvider' was resolved to '/Users/umituz/Desktop/github/umituz/apps/artificial_intelligence/npm-packages/react-native-auth/node_modules/@umituz/react-native-design-system/src/safe-area/components/SafeAreaProvider.tsx', but '--jsx' is not set.
node_modules/@umituz/react-native-design-system/src/safe-area/index.ts(7,60): error TS6142: Module './components/SafeAreaProvider' was resolved to '/Users/umituz/Desktop/github/umituz/apps/artificial_intelligence/npm-packages/react-native-auth/node_modules/@umituz/react-native-design-system/src/safe-area/components/SafeAreaProvider.tsx', but '--jsx' is not set.
node_modules/@umituz/react-native-design-system/src/storage/cache/domain/Cache.ts(98,23): error TS2802: Type 'MapIterator<string>' can only be iterated through when using the '--downlevelIteration' flag or with a '--target' of 'es2015' or higher.
node_modules/@umituz/react-native-design-system/src/storage/cache/domain/strategies/LFUStrategy.ts(13,32): error TS2802: Type 'MapIterator<[string, CacheEntry<T>]>' can only be iterated through when using the '--downlevelIteration' flag or with a '--target' of 'es2015' or higher.
node_modules/@umituz/react-native-design-system/src/storage/cache/domain/strategies/LRUStrategy.ts(13,32): error TS2802: Type 'MapIterator<[string, CacheEntry<T>]>' can only be iterated through when using the '--downlevelIteration' flag or with a '--target' of 'es2015' or higher.
node_modules/@umituz/react-native-design-system/src/storage/cache/domain/strategies/TTLStrategy.ts(13,32): error TS2802: Type 'MapIterator<[string, CacheEntry<T>]>' can only be iterated through when using the '--downlevelIteration' flag or with a '--target' of 'es2015' or higher.
node_modules/@umituz/react-native-design-system/src/tanstack/index.ts(106,62): error TS6142: Module './infrastructure/providers/TanstackProvider' was resolved to '/Users/umituz/Desktop/github/umituz/apps/artificial_intelligence/npm-packages/react-native-auth/node_modules/@umituz/react-native-design-system/src/tanstack/infrastructure/providers/TanstackProvider.tsx', but '--jsx' is not set.
node_modules/@umituz/react-native-design-system/src/tanstack/infrastructure/config/PersisterConfig.ts(8,45): error TS2307: Cannot find module '@tanstack/query-async-storage-persister' or its corresponding type declarations.
node_modules/@umituz/react-native-design-system/src/tanstack/infrastructure/config/PersisterConfig.ts(11,32): error TS2307: Cannot find module '@tanstack/react-query-persist-client' or its corresponding type declarations.
node_modules/@umituz/react-native-design-system/src/theme/index.ts(78,38): error TS6142: Module './infrastructure/providers/DesignSystemProvider' was resolved to '/Users/umituz/Desktop/github/umituz/apps/artificial_intelligence/npm-packages/react-native-auth/node_modules/@umituz/react-native-design-system/src/theme/infrastructure/providers/DesignSystemProvider.tsx', but '--jsx' is not set.
node_modules/@umituz/react-native-design-system/src/timezone/infrastructure/utils/SimpleCache.ts(56,32): error TS2802: Type 'MapIterator<[string, CacheEntry<T>]>' can only be iterated through when using the '--downlevelIteration' flag or with a '--target' of 'es2015' or higher.
node_modules/@umituz/react-native-localization/src/index.ts(12,38): error TS6142: Module './infrastructure/components/LocalizationProvider' was resolved to '/Users/umituz/Desktop/github/umituz/apps/artificial_intelligence/npm-packages/react-native-auth/node_modules/@umituz/react-native-localization/src/infrastructure/components/LocalizationProvider.tsx', but '--jsx' is not set.
node_modules/@umituz/react-native-localization/src/index.ts(13,34): error TS6142: Module './infrastructure/components/LanguageSwitcher' was resolved to '/Users/umituz/Desktop/github/umituz/apps/artificial_intelligence/npm-packages/react-native-auth/node_modules/@umituz/react-native-localization/src/infrastructure/components/LanguageSwitcher.tsx', but '--jsx' is not set.
node_modules/@umituz/react-native-localization/src/index.ts(31,41): error TS6142: Module './presentation/screens/LanguageSelectionScreen' was resolved to '/Users/umituz/Desktop/github/umituz/apps/artificial_intelligence/npm-packages/react-native-auth/node_modules/@umituz/react-native-localization/src/presentation/screens/LanguageSelectionScreen.tsx', but '--jsx' is not set.
node_modules/@umituz/react-native-localization/src/index.ts(32,33): error TS6142: Module './presentation/components/LanguageSection' was resolved to '/Users/umituz/Desktop/github/umituz/apps/artificial_intelligence/npm-packages/react-native-auth/node_modules/@umituz/react-native-localization/src/presentation/components/LanguageSection.tsx', but '--jsx' is not set.
node_modules/@umituz/react-native-localization/src/index.ts(33,66): error TS6142: Module './presentation/components/LanguageSection' was resolved to '/Users/umituz/Desktop/github/umituz/apps/artificial_intelligence/npm-packages/react-native-auth/node_modules/@umituz/react-native-localization/src/presentation/components/LanguageSection.tsx', but '--jsx' is not set.
node_modules/@umituz/react-native-localization/src/infrastructure/storage/LanguageInitializer.ts(10,35): error TS2307: Cannot find module '@umituz/react-native-storage' or its corresponding type declarations.
node_modules/@umituz/react-native-localization/src/infrastructure/storage/LanguageSwitcher.ts(9,35): error TS2307: Cannot find module '@umituz/react-native-storage' or its corresponding type declarations.
node_modules/expo-clipboard/build/Clipboard.d.ts(1,40): error TS2307: Cannot find module 'expo-modules-core' or its corresponding type declarations.
node_modules/expo-clipboard/build/ClipboardPasteButton.d.ts(1,8): error TS1259: Module '"/Users/umituz/Desktop/github/umituz/apps/artificial_intelligence/npm-packages/react-native-auth/node_modules/@types/react/index"' can only be default-imported using the 'esModuleInterop' flag
node_modules/expo-crypto/build/Crypto.d.ts(1,57): error TS2307: Cannot find module 'expo-modules-core' or its corresponding type declarations.
node_modules/expo-file-system/build/ExpoFileSystem.d.ts(1,30): error TS2307: Cannot find module 'expo-modules-core' or its corresponding type declarations.
node_modules/expo-file-system/src/legacy/ExponentFileSystem.ts(1,45): error TS2307: Cannot find module 'expo-modules-core' or its corresponding type declarations.
node_modules/expo-file-system/src/legacy/ExponentFileSystemShim.ts(1,30): error TS2307: Cannot find module 'expo-modules-core' or its corresponding type declarations.
node_modules/expo-file-system/src/legacy/FileSystem.ts(1,67): error TS2307: Cannot find module 'expo-modules-core' or its corresponding type declarations.
node_modules/expo-file-system/src/legacy/types.ts(1,30): error TS2307: Cannot find module 'expo-modules-core' or its corresponding type declarations.
node_modules/react-i18next/index.d.ts(147,23): error TS2694: Namespace 'global.JSX' has no exported member 'LibraryManagedAttributes'.
node_modules/react-native-gesture-handler/lib/typescript/components/Pressable/Pressable.d.ts(1,8): error TS1259: Module '"/Users/umituz/Desktop/github/umituz/apps/artificial_intelligence/npm-packages/react-native-auth/node_modules/@types/react/index"' can only be default-imported using the 'esModuleInterop' flag
node_modules/react-native-gesture-handler/lib/typescript/components/Text.d.ts(1,8): error TS1259: Module '"/Users/umituz/Desktop/github/umituz/apps/artificial_intelligence/npm-packages/react-native-auth/node_modules/@types/react/index"' can only be default-imported using the 'esModuleInterop' flag
node_modules/react-native-gesture-handler/lib/typescript/handlers/ForceTouchGestureHandler.d.ts(1,8): error TS1259: Module '"/Users/umituz/Desktop/github/umituz/apps/artificial_intelligence/npm-packages/react-native-auth/node_modules/@types/react/index"' can only be default-imported using the 'esModuleInterop' flag
node_modules/react-native-gesture-handler/lib/typescript/handlers/gestures/GestureDetector/index.d.ts(1,8): error TS1259: Module '"/Users/umituz/Desktop/github/umituz/apps/artificial_intelligence/npm-packages/react-native-auth/node_modules/@types/react/index"' can only be default-imported using the 'esModuleInterop' flag
node_modules/react-native/src/types/globals.d.ts(10,1): error TS6200: Definitions of the following identifiers conflict with those in another file: EndingType, BlobPart, BufferSource, FormData, RequestInfo, XMLHttpRequestResponseType, AbortSignal, AbortController
node_modules/react-native/src/types/globals.d.ts(166,7): error TS2403: Subsequent variable declarations must have the same type.  Variable 'Blob' must be of type '{ new (blobParts?: BlobPart[], options?: BlobPropertyBag): Blob; prototype: Blob; }', but here has type '{ new (blobParts?: (string | Blob)[], options?: BlobOptions): Blob; prototype: Blob; }'.
node_modules/react-native/src/types/globals.d.ts(180,7): error TS2403: Subsequent variable declarations must have the same type.  Variable 'File' must be of type '{ new (fileBits: BlobPart[], fileName: string, options?: FilePropertyBag): File; prototype: File; }', but here has type '{ new (fileParts: BlobPart[], name: string, options?: FilePropertyBag): File; prototype: File; }'.
node_modules/react-native/src/types/globals.d.ts(266,5): error TS2717: Subsequent property declarations must have the same type.  Property 'body' must be of type 'BodyInit', but here has type 'BodyInit_'.
node_modules/react-native/src/types/globals.d.ts(275,5): error TS2717: Subsequent property declarations must have the same type.  Property 'signal' must be of type 'AbortSignal', but here has type 'AbortSignal'.
node_modules/react-native/src/types/globals.d.ts(285,14): error TS2717: Subsequent property declarations must have the same type.  Property 'signal' must be of type 'AbortSignal', but here has type 'AbortSignal'.
node_modules/react-native/src/types/globals.d.ts(289,7): error TS2403: Subsequent variable declarations must have the same type.  Variable 'Request' must be of type '{ new (input: RequestInfo | URL, init?: RequestInit): Request; prototype: Request; }', but here has type '{ new (input: string | Request, init?: RequestInit): Request; prototype: Request; }'.
node_modules/react-native/src/types/globals.d.ts(313,7): error TS2403: Subsequent variable declarations must have the same type.  Variable 'Response' must be of type '{ new (body?: BodyInit, init?: ResponseInit): Response; prototype: Response; error(): Response; json(data: any, init?: ResponseInit): Response; redirect(url: string | URL, status?: number): Response; }', but here has type '{ new (body?: BodyInit_, init?: ResponseInit): Response; prototype: Response; error(): Response; json(data: any, init?: ResponseInit): Response; redirect: (url: string | URL, status?: number) => Response; }'.
node_modules/react-native/src/types/globals.d.ts(398,5): error TS2717: Subsequent property declarations must have the same type.  Property 'abort' must be of type 'ProgressEvent<XMLHttpRequestEventTarget>', but here has type 'ProgressEvent<EventTarget>'.
node_modules/react-native/src/types/globals.d.ts(399,5): error TS2717: Subsequent property declarations must have the same type.  Property 'error' must be of type 'ProgressEvent<XMLHttpRequestEventTarget>', but here has type 'ProgressEvent<EventTarget>'.
node_modules/react-native/src/types/globals.d.ts(400,5): error TS2717: Subsequent property declarations must have the same type.  Property 'load' must be of type 'ProgressEvent<XMLHttpRequestEventTarget>', but here has type 'ProgressEvent<EventTarget>'.
node_modules/react-native/src/types/globals.d.ts(401,5): error TS2717: Subsequent property declarations must have the same type.  Property 'loadend' must be of type 'ProgressEvent<XMLHttpRequestEventTarget>', but here has type 'ProgressEvent<EventTarget>'.
node_modules/react-native/src/types/globals.d.ts(402,5): error TS2717: Subsequent property declarations must have the same type.  Property 'loadstart' must be of type 'ProgressEvent<XMLHttpRequestEventTarget>', but here has type 'ProgressEvent<EventTarget>'.
node_modules/react-native/src/types/globals.d.ts(403,5): error TS2717: Subsequent property declarations must have the same type.  Property 'progress' must be of type 'ProgressEvent<XMLHttpRequestEventTarget>', but here has type 'ProgressEvent<EventTarget>'.
node_modules/react-native/src/types/globals.d.ts(404,5): error TS2717: Subsequent property declarations must have the same type.  Property 'timeout' must be of type 'ProgressEvent<XMLHttpRequestEventTarget>', but here has type 'ProgressEvent<EventTarget>'.
node_modules/react-native/src/types/globals.d.ts(471,7): error TS2403: Subsequent variable declarations must have the same type.  Variable 'URL' must be of type '{ new (url: string | URL, base?: string | URL): URL; prototype: URL; canParse(url: string | URL, base?: string | URL): boolean; createObjectURL(obj: Blob | MediaSource): string; parse(url: string | URL, base?: string | URL): URL; revokeObjectURL(url: string): void; }', but here has type '{ new (url: string | URL, base?: string | URL): URL; prototype: URL; createObjectURL(obj: Blob): string; revokeObjectURL(url: string): void; }'.
node_modules/react-native/src/types/globals.d.ts(534,5): error TS2717: Subsequent property declarations must have the same type.  Property 'onopen' must be of type '(this: WebSocket, ev: Event) => any', but here has type '() => void'.
node_modules/react-native/src/types/globals.d.ts(535,5): error TS2717: Subsequent property declarations must have the same type.  Property 'onmessage' must be of type '(this: WebSocket, ev: MessageEvent<any>) => any', but here has type '(event: WebSocketMessageEvent) => void'.
node_modules/react-native/src/types/globals.d.ts(536,5): error TS2717: Subsequent property declarations must have the same type.  Property 'onerror' must be of type '(this: WebSocket, ev: Event) => any', but here has type '(event: WebSocketErrorEvent) => void'.
node_modules/react-native/src/types/globals.d.ts(537,5): error TS2717: Subsequent property declarations must have the same type.  Property 'onclose' must be of type '(this: WebSocket, ev: CloseEvent) => any', but here has type '(event: WebSocketCloseEvent) => void'.
node_modules/react-native/src/types/globals.d.ts(538,5): error TS2717: Subsequent property declarations must have the same type.  Property 'addEventListener' must be of type '{ <K extends keyof WebSocketEventMap>(type: K, listener: (this: WebSocket, ev: WebSocketEventMap[K]) => any, options?: boolean | AddEventListenerOptions): void; (type: string, listener: EventListenerOrEventListenerObject, options?: boolean | AddEventListenerOptions): void; }', but here has type 'WebsocketEventListener'.
node_modules/react-native/src/types/globals.d.ts(539,5): error TS2717: Subsequent property declarations must have the same type.  Property 'removeEventListener' must be of type '{ <K extends keyof WebSocketEventMap>(type: K, listener: (this: WebSocket, ev: WebSocketEventMap[K]) => any, options?: boolean | EventListenerOptions): void; (type: string, listener: EventListenerOrEventListenerObject, options?: boolean | EventListenerOptions): void; }', but here has type 'WebsocketEventListener'.
node_modules/react-native/src/types/globals.d.ts(542,7): error TS2403: Subsequent variable declarations must have the same type.  Variable 'WebSocket' must be of type '{ new (url: string | URL, protocols?: string | string[]): WebSocket; prototype: WebSocket; readonly CONNECTING: 0; readonly OPEN: 1; readonly CLOSING: 2; readonly CLOSED: 3; }', but here has type '{ new (uri: string, protocols?: string | string[], options?: { [optionName: string]: any; headers: { [headerName: string]: string; }; }): WebSocket; prototype: WebSocket; readonly CLOSED: number; readonly CLOSING: number; readonly CONNECTING: number; readonly OPEN: number; }'.
node_modules/react-native/src/types/globals.d.ts(627,14): error TS2717: Subsequent property declarations must have the same type.  Property 'error' must be of type 'DOMException', but here has type 'Error'.
node_modules/react-native/src/types/globals.d.ts(640,14): error TS2717: Subsequent property declarations must have the same type.  Property 'readyState' must be of type '0 | 2 | 1', but here has type 'number'.
node_modules/typescript/lib/lib.dom.d.ts(23,1): error TS6200: Definitions of the following identifiers conflict with those in another file: EndingType, BlobPart, BufferSource, FormData, RequestInfo, XMLHttpRequestResponseType, AbortSignal, AbortController
src/presentation/components/SocialLoginButtons.tsx(1,8): error TS1259: Module '"/Users/umituz/Desktop/github/umituz/apps/artificial_intelligence/npm-packages/react-native-auth/node_modules/@types/react/index"' can only be default-imported using the 'esModuleInterop' flag
src/presentation/components/SocialLoginButtons.tsx(8,69): error TS2305: Module '"@umituz/react-native-design-system"' has no exported member 'Divider'.
src/presentation/components/SocialLoginButtons.tsx(47,5): error TS17004: Cannot use JSX unless the '--jsx' flag is provided.
src/presentation/components/SocialLoginButtons.tsx(48,7): error TS17004: Cannot use JSX unless the '--jsx' flag is provided.
src/presentation/components/SocialLoginButtons.tsx(50,7): error TS17004: Cannot use JSX unless the '--jsx' flag is provided.
src/presentation/components/SocialLoginButtons.tsx(52,11): error TS17004: Cannot use JSX unless the '--jsx' flag is provided.
src/presentation/components/SocialLoginButtons.tsx(66,11): error TS17004: Cannot use JSX unless the '--jsx' flag is provided.
